// Vitest Snapshot v1, https://vitest.dev/guide/snapshot.html

exports[`scanConvert 1`] = `
"{
  "frenchSpaceStyleTest": "BonjourÂ !",
  "hello2": "Hello There!",
  "helloF2": "Hello There!"
}"
`;
