// Vitest Snapshot v1, https://vitest.dev/guide/snapshot.html

exports[`scanConvert 1`] = `
"{
  "userMenu.manager_dashboard": "Manager Dashboard"
}"
`;
